// Vitest Snapshot v1, https://vitest.dev/guide/snapshot.html

exports[`DailyMix Snapshot > should match snapshot 1`] = `
<DocumentFragment>
  <div
    class="daily-mix"
  />
</DocumentFragment>
`;
